INFO     | pdf_tree.pipeline | fitz: 282 bookmarks, 240 pages
INFO     | pdf_tree.pipeline | fitz                      0.032s
INFO     | pdf_tree.pipeline | bookmark_sanity           0.000s
INFO     | pdf_tree.pipeline | 3 windows for 240 pages
INFO     | pdf_tree.pipeline | window 1/3 pages 1-120
INFO     | pdf_tree.pipeline | window 2/3 pages 115-234
INFO     | pdf_tree.pipeline | window 3/3 pages 229-240
INFO     | pdf_tree.pipeline | merged texts=3312 tables=164 pages=240
INFO     | pdf_tree.pipeline | tables re-read with docling-parse: 159 of 164 replaced, 5 kept because text was lost
INFO     | pdf_tree.pipeline | docling: 3312 blocks, 164 tables, 240 pages
INFO     | pdf_tree.pipeline | docling_extract           294.854s
INFO     | pdf_tree.pipeline | toc_path                  0.000s
INFO     | pdf_tree.pipeline | toc_classification: 3/282 bookmarks excluded (glossary, list_of_figures, list_of_tables)
INFO     | pdf_tree.pipeline | toc_classification        0.001s
INFO     | pdf_tree.pipeline | toc_resolution: scheme=arabic global_offset=0 (match_rate=1.00, accepted=True) 0/279 bookmarks flagged_for_review
INFO     | pdf_tree.pipeline | toc_resolution            0.013s
INFO     | pdf_tree.pipeline | section_matcher: 279 sections
INFO     | pdf_tree.pipeline | section_matcher           0.092s
INFO     | pdf_tree.pipeline | tree_export: 279 sections
INFO     | pdf_tree.pipeline | tree_export               0.003s
INFO     | pdf_tree.pipeline | validation: PASS
INFO     | pdf_tree.pipeline | validation                0.061s
INFO     | pdf_tree.pipeline | images: 19 vector figures rendered, 17 rasters inside them replaced
INFO     | pdf_tree.pipeline | images: 106 extracted
INFO     | pdf_tree.pipeline | image_extraction          0.000s
