INFO     | pdf_tree.pipeline | fitz: 85 bookmarks, 567 pages
INFO     | pdf_tree.pipeline | fitz                      0.038s
INFO     | pdf_tree.pipeline | bookmark_sanity           0.000s
INFO     | pdf_tree.pipeline | 5 windows for 567 pages
INFO     | pdf_tree.pipeline | window 1/5 pages 1-120
INFO     | pdf_tree.pipeline | window 2/5 pages 115-234
INFO     | pdf_tree.pipeline | window 3/5 pages 229-348
INFO     | pdf_tree.pipeline | window 4/5 pages 343-462
INFO     | pdf_tree.pipeline | window 5/5 pages 457-567
INFO     | pdf_tree.pipeline | merged texts=6204 tables=178 pages=567
INFO     | pdf_tree.pipeline | tables re-read with docling-parse: 178 of 178 replaced
INFO     | pdf_tree.pipeline | docling: 6204 blocks, 178 tables, 567 pages
INFO     | pdf_tree.pipeline | docling_extract           446.531s
INFO     | pdf_tree.pipeline | toc_path                  0.000s
INFO     | pdf_tree.pipeline | toc_classification: 2/85 bookmarks excluded (index, table_of_contents)
INFO     | pdf_tree.pipeline | toc_classification        0.001s
INFO     | pdf_tree.pipeline | toc_resolution: scheme=arabic global_offset=0 (match_rate=1.00, accepted=True) 0/83 bookmarks flagged_for_review
INFO     | pdf_tree.pipeline | toc_resolution            0.006s
INFO     | pdf_tree.pipeline | section_matcher: unbookmarked index from page 564
INFO     | pdf_tree.pipeline | section_matcher: 83 sections
INFO     | pdf_tree.pipeline | section_matcher           0.094s
INFO     | pdf_tree.pipeline | tree_export: 83 sections
INFO     | pdf_tree.pipeline | tree_export               0.006s
INFO     | pdf_tree.pipeline | validation: PASS
INFO     | pdf_tree.pipeline | validation                0.136s
INFO     | pdf_tree.pipeline | images: 19 vector figures rendered, 0 rasters inside them replaced
INFO     | pdf_tree.pipeline | images: 451 extracted
INFO     | pdf_tree.pipeline | image_extraction          0.000s
