INFO     | pdf_tree.pipeline | fitz: 251 bookmarks, 642 pages
INFO     | pdf_tree.pipeline | fitz                      0.037s
WARNING  | pdf_tree.pipeline | bookmark_sanity repair [relocated]: bookmark[6] '1. General' page_no=3 precedes its parent's page_no=21; title found on page 22 (score 100) — relocated, flag for review
INFO     | pdf_tree.pipeline | bookmark_sanity           0.065s
INFO     | pdf_tree.pipeline | 6 windows for 642 pages
INFO     | pdf_tree.pipeline | window 1/6 pages 1-120
INFO     | pdf_tree.pipeline | window 1/6 complete (69.1s)
INFO     | pdf_tree.pipeline | window 2/6 pages 115-234
INFO     | pdf_tree.pipeline | window 2/6 complete (88.1s)
INFO     | pdf_tree.pipeline | window 3/6 pages 229-348
INFO     | pdf_tree.pipeline | window 3/6 complete (108.9s)
INFO     | pdf_tree.pipeline | window 4/6 pages 343-462
INFO     | pdf_tree.pipeline | window 4/6 complete (125.4s)
INFO     | pdf_tree.pipeline | window 5/6 pages 457-576
INFO     | pdf_tree.pipeline | window 5/6 complete (142.8s)
INFO     | pdf_tree.pipeline | window 6/6 pages 571-642
INFO     | pdf_tree.pipeline | window 6/6 complete (153.3s)
INFO     | pdf_tree.pipeline | merged texts=8772 tables=101 pages=642
INFO     | pdf_tree.pipeline | docling: 8772 blocks, 101 tables, 642 pages
INFO     | pdf_tree.pipeline | docling_extract           158.840s
INFO     | pdf_tree.pipeline | toc_path                  0.000s
INFO     | pdf_tree.pipeline | toc_classification        0.001s
INFO     | pdf_tree.pipeline | toc_resolution: scheme=arabic global_offset=0 (match_rate=1.00, accepted=True) 0/251 bookmarks flagged_for_review
INFO     | pdf_tree.pipeline | toc_resolution            0.009s
INFO     | pdf_tree.pipeline | section_matcher: 251 sections
INFO     | pdf_tree.pipeline | section_matcher           0.122s
INFO     | pdf_tree.pipeline | tree_export: 251 sections
INFO     | pdf_tree.pipeline | tree_export               0.008s
INFO     | pdf_tree.pipeline | validation: FAIL
INFO     | pdf_tree.pipeline | validation                0.126s
INFO     | pdf_tree.pipeline | images: 401 extracted
INFO     | pdf_tree.pipeline | image_extraction          0.000s
