2026-09-03 08:35:13,798 INFO    pdf_tree.pipeline: Starting pipeline run for SOMATOM_Force_IFU_VB30_SAPEDM_C2-058-C.621.01.01.02_Online.pdf
2026-09-03 08:35:13,798 INFO    pdf_tree.pipeline: window_size=120 window_overlap=6 (32GB+ RAM host, per QA workflow step 1)
2026-09-03 08:35:13,854 INFO    pdf_tree.pipeline: fitz: 953 bookmarks, 467 pages
2026-09-03 08:35:13,854 INFO    pdf_tree.pipeline: fitz                      0.056s
2026-09-03 08:35:13,855 INFO    pdf_tree.pipeline: bookmark_sanity           0.000s
2026-09-03 08:35:20,864 INFO    pdf_tree.pipeline: 5 windows for 467 pages
2026-09-03 08:35:20,864 INFO    pdf_tree.pipeline: window 1/5 pages 1-120
2026-09-03 08:35:20,871 INFO    docling.datamodel.document: detected formats: [<InputFormat.PDF: 'pdf'>]
2026-09-03 08:35:20,885 INFO    docling.document_converter: Going to convert document batch...
2026-09-03 08:35:20,885 INFO    docling.document_converter: Initializing pipeline for StandardPdfPipeline with options hash 91451666455f79cda60fa794079e21d2
2026-09-03 08:35:20,889 INFO    docling.models.factories.base_factory: Loading plugin 'docling_defaults'
2026-09-03 08:35:20,891 INFO    docling.models.factories: Registered picture descriptions: ['picture_description_vlm_engine', 'vlm', 'api']
2026-09-03 08:35:20,894 INFO    docling.models.factories.base_factory: Loading plugin 'docling_defaults'
2026-09-03 08:35:20,903 INFO    docling.models.factories: Registered ocr engines: ['auto', 'easyocr', 'kserve_v2_ocr', 'nemotron-ocr', 'ocrmac', 'rapidocr', 'tesserocr', 'tesseract']
2026-09-03 08:35:20,965 INFO    docling.models.factories.base_factory: Loading plugin 'docling_defaults'
2026-09-03 08:35:20,967 INFO    docling.models.factories: Registered layout engines: ['layout_object_detection', 'docling_layout_default', 'docling_experimental_table_crops_layout']
2026-09-03 08:35:20,974 INFO    docling.utils.accelerator_utils: Accelerator device: 'mps'
2026-09-03 08:35:21,188 INFO    httpx: HTTP Request: GET https://huggingface.co/api/models/docling-project/docling-layout-heron/revision/main "HTTP/1.1 200 OK"
Loading weights:   0%|          | 0/770 [00:00<?, ?it/s]Loading weights:  18%|█▊        | 136/770 [00:00<00:01, 481.40it/s]Loading weights:  40%|████      | 310/770 [00:00<00:00, 903.79it/s]Loading weights:  79%|███████▉  | 607/770 [00:00<00:00, 1573.52it/s]Loading weights: 100%|██████████| 770/770 [00:00<00:00, 1440.25it/s]
2026-09-03 08:35:22,022 INFO    docling.models.factories.base_factory: Loading plugin 'docling_defaults'
2026-09-03 08:35:22,025 INFO    docling.models.factories: Registered table structure engines: ['docling_tableformer', 'docling_tableformer_v2', 'granite_vision_table']
2026-09-03 08:35:22,128 INFO    httpx: HTTP Request: GET https://huggingface.co/api/models/docling-project/docling-models/revision/v2.3.0 "HTTP/1.1 200 OK"
2026-09-03 08:35:22,147 INFO    docling.utils.accelerator_utils: Accelerator device: 'mps'
2026-09-03 08:35:22,690 INFO    docling.pipeline.base_pipeline: Processing document SOMATOM_Force_IFU_VB30_SAPEDM_C2-058-C.621.01.01.02_Online.pdf
2026-09-03 08:35:54,810 INFO    docling.document_converter: Finished converting document SOMATOM_Force_IFU_VB30_SAPEDM_C2-058-C.621.01.01.02_Online.pdf in 33.94 sec.
2026-09-03 08:35:54,862 INFO    pdf_tree.pipeline: docling window 1/5 done in 34.00s
2026-09-03 08:35:54,862 INFO    pdf_tree.pipeline: window 2/5 pages 115-234
2026-09-03 08:35:54,866 INFO    docling.datamodel.document: detected formats: [<InputFormat.PDF: 'pdf'>]
2026-09-03 08:35:54,875 INFO    docling.document_converter: Going to convert document batch...
2026-09-03 08:35:54,875 INFO    docling.pipeline.base_pipeline: Processing document SOMATOM_Force_IFU_VB30_SAPEDM_C2-058-C.621.01.01.02_Online.pdf
2026-09-03 08:36:17,392 INFO    docling.document_converter: Finished converting document SOMATOM_Force_IFU_VB30_SAPEDM_C2-058-C.621.01.01.02_Online.pdf in 22.53 sec.
2026-09-03 08:36:17,441 INFO    pdf_tree.pipeline: docling window 2/5 done in 56.58s
2026-09-03 08:36:17,442 INFO    pdf_tree.pipeline: window 3/5 pages 229-348
2026-09-03 08:36:17,445 INFO    docling.datamodel.document: detected formats: [<InputFormat.PDF: 'pdf'>]
2026-09-03 08:36:17,453 INFO    docling.document_converter: Going to convert document batch...
2026-09-03 08:36:17,454 INFO    docling.pipeline.base_pipeline: Processing document SOMATOM_Force_IFU_VB30_SAPEDM_C2-058-C.621.01.01.02_Online.pdf
2026-09-03 08:36:40,223 INFO    docling.document_converter: Finished converting document SOMATOM_Force_IFU_VB30_SAPEDM_C2-058-C.621.01.01.02_Online.pdf in 22.78 sec.
2026-09-03 08:36:40,275 INFO    pdf_tree.pipeline: docling window 3/5 done in 79.41s
2026-09-03 08:36:40,275 INFO    pdf_tree.pipeline: window 4/5 pages 343-462
2026-09-03 08:36:40,278 INFO    docling.datamodel.document: detected formats: [<InputFormat.PDF: 'pdf'>]
2026-09-03 08:36:40,287 INFO    docling.document_converter: Going to convert document batch...
2026-09-03 08:36:40,287 INFO    docling.pipeline.base_pipeline: Processing document SOMATOM_Force_IFU_VB30_SAPEDM_C2-058-C.621.01.01.02_Online.pdf
2026-09-03 08:37:01,748 INFO    docling.document_converter: Finished converting document SOMATOM_Force_IFU_VB30_SAPEDM_C2-058-C.621.01.01.02_Online.pdf in 21.47 sec.
2026-09-03 08:37:01,802 INFO    pdf_tree.pipeline: docling window 4/5 done in 100.94s
2026-09-03 08:37:01,802 INFO    pdf_tree.pipeline: window 5/5 pages 457-467
2026-09-03 08:37:01,805 INFO    docling.datamodel.document: detected formats: [<InputFormat.PDF: 'pdf'>]
2026-09-03 08:37:01,814 INFO    docling.document_converter: Going to convert document batch...
2026-09-03 08:37:01,814 INFO    docling.pipeline.base_pipeline: Processing document SOMATOM_Force_IFU_VB30_SAPEDM_C2-058-C.621.01.01.02_Online.pdf
2026-09-03 08:37:04,561 INFO    docling.document_converter: Finished converting document SOMATOM_Force_IFU_VB30_SAPEDM_C2-058-C.621.01.01.02_Online.pdf in 2.76 sec.
2026-09-03 08:37:04,575 INFO    pdf_tree.pipeline: docling window 5/5 done in 103.71s
2026-09-03 08:37:04,639 INFO    pdf_tree.pipeline: merged texts=9982 tables=39 pages=467
2026-09-03 08:37:05,165 INFO    pdf_tree.pipeline: docling: 9982 blocks, 39 tables, 467 pages
2026-09-03 08:37:05,165 INFO    pdf_tree.pipeline: docling_extract           111.310s
2026-09-03 08:37:05,165 INFO    pdf_tree.pipeline: toc_path                  0.000s
2026-09-03 08:37:05,169 INFO    pdf_tree.pipeline: toc_classification: 2/953 bookmarks excluded (index, table_of_contents)
2026-09-03 08:37:05,169 INFO    pdf_tree.pipeline: toc_classification        0.004s
2026-09-03 08:37:05,209 INFO    pdf_tree.pipeline: toc_resolution: scheme=arabic global_offset=0 (match_rate=1.00, accepted=True) 1/951 bookmarks flagged_for_review
2026-09-03 08:37:05,209 INFO    pdf_tree.pipeline: toc_resolution            0.040s
2026-09-03 08:37:05,684 INFO    pdf_tree.pipeline: section_matcher: 951 sections
2026-09-03 08:37:05,684 INFO    pdf_tree.pipeline: section_matcher           0.475s
2026-09-03 08:37:05,694 INFO    pdf_tree.pipeline: tree_export: 951 sections
2026-09-03 08:37:05,694 INFO    pdf_tree.pipeline: tree_export               0.009s
2026-09-03 08:37:05,845 INFO    pdf_tree.pipeline: validation: FAIL
2026-09-03 08:37:05,845 INFO    pdf_tree.pipeline: validation                0.151s
2026-09-03 08:37:11,934 INFO    pdf_tree.pipeline: images: 268 extracted
2026-09-03 08:37:11,934 INFO    pdf_tree.pipeline: image_extraction          0.000s
2026-09-03 08:37:11,934 INFO    pdf_tree.pipeline: run_pipeline returned in 118.1s (result.elapsed_s=118.1s)
2026-09-03 08:37:11,934 INFO    pdf_tree.pipeline: fitz: mode=Fast path bookmarks=951 pages=467 structural_source=toc
2026-09-03 08:37:11,934 INFO    pdf_tree.pipeline: sections=951 valid=False
2026-09-03 08:37:11,970 INFO    pdf_tree.pipeline: wrote /Users/j/Documents/Dataclever/pdf_tree/qa/SOMATOM_Force_IFU_VB30/exports/SOMATOM_Force_IFU_VB30_SAPEDM_C2-058-C.6_tree.json (4662.4 KB)
2026-09-03 08:37:12,193 INFO    pdf_tree.pipeline: wrote /Users/j/Documents/Dataclever/pdf_tree/qa/SOMATOM_Force_IFU_VB30/exports/SOMATOM_Force_IFU_VB30_SAPEDM_C2-058-C.6_images_v1.json (50.2 MB)
2026-09-03 08:37:12,195 INFO    pdf_tree.pipeline: wrote /Users/j/Documents/Dataclever/pdf_tree/qa/SOMATOM_Force_IFU_VB30/exports/SOMATOM_Force_IFU_VB30_SAPEDM_C2-058-C.6_bookmarks.json (82.4 KB)
2026-09-03 08:37:12,195 INFO    pdf_tree.pipeline: wrote /Users/j/Documents/Dataclever/pdf_tree/qa/SOMATOM_Force_IFU_VB30/validation_report.json (4.5 KB)
2026-09-03 08:37:12,195 INFO    pdf_tree.pipeline: DONE.
