INFO     | pdf_tree.pipeline | fitz: 282 bookmarks, 240 pages
INFO     | pdf_tree.pipeline | fitz                      0.038s
INFO     | pdf_tree.pipeline | bookmark_sanity           0.000s
INFO     | pdf_tree.pipeline | 3 windows for 240 pages
INFO     | pdf_tree.pipeline | window 1/3 pages 1-120
INFO     | pdf_tree.pipeline | window 2/3 pages 115-234
INFO     | pdf_tree.pipeline | window 3/3 pages 229-240
INFO     | pdf_tree.pipeline | merged texts=3312 tables=164 pages=240
INFO     | pdf_tree.pipeline | docling: 3312 blocks, 164 tables, 240 pages
INFO     | pdf_tree.pipeline | docling_extract           170.658s
INFO     | pdf_tree.pipeline | toc_path                  0.000s
INFO     | pdf_tree.pipeline | toc_classification: 3/282 bookmarks excluded (glossary, list_of_figures, list_of_tables)
INFO     | pdf_tree.pipeline | toc_classification        0.001s
INFO     | pdf_tree.pipeline | toc_resolution: scheme=arabic global_offset=0 (match_rate=1.00, accepted=True) 0/279 bookmarks flagged_for_review
INFO     | pdf_tree.pipeline | toc_resolution            0.014s
INFO     | pdf_tree.pipeline | section_matcher: 279 sections
INFO     | pdf_tree.pipeline | section_matcher           0.075s
INFO     | pdf_tree.pipeline | tree_export: 279 sections
INFO     | pdf_tree.pipeline | tree_export               0.003s
INFO     | pdf_tree.pipeline | validation: PASS
INFO     | pdf_tree.pipeline | validation                0.064s
INFO     | pdf_tree.pipeline | images: 305 extracted
INFO     | pdf_tree.pipeline | image_extraction          0.000s
