INFO     | pdf_tree.pipeline | fitz: 953 bookmarks, 467 pages
INFO     | pdf_tree.pipeline | fitz                      0.032s
INFO     | pdf_tree.pipeline | bookmark_sanity           0.001s
INFO     | pdf_tree.pipeline | 5 windows for 467 pages
INFO     | pdf_tree.pipeline | window 1/5 pages 1-120
INFO     | pdf_tree.pipeline | window 2/5 pages 115-234
INFO     | pdf_tree.pipeline | window 3/5 pages 229-348
INFO     | pdf_tree.pipeline | window 4/5 pages 343-462
INFO     | pdf_tree.pipeline | window 5/5 pages 457-467
INFO     | pdf_tree.pipeline | merged texts=9982 tables=39 pages=467
INFO     | pdf_tree.pipeline | docling: 9982 blocks, 39 tables, 467 pages
INFO     | pdf_tree.pipeline | docling_extract           115.830s
INFO     | pdf_tree.pipeline | toc_path                  0.000s
INFO     | pdf_tree.pipeline | toc_classification: 2/953 bookmarks excluded (index, table_of_contents)
INFO     | pdf_tree.pipeline | toc_classification        0.004s
INFO     | pdf_tree.pipeline | toc_resolution: scheme=arabic global_offset=0 (match_rate=1.00, accepted=True) 1/951 bookmarks flagged_for_review
INFO     | pdf_tree.pipeline | toc_resolution            0.041s
INFO     | pdf_tree.pipeline | section_matcher: 951 sections
INFO     | pdf_tree.pipeline | section_matcher           0.587s
INFO     | pdf_tree.pipeline | tree_export: 951 sections
INFO     | pdf_tree.pipeline | tree_export               0.009s
INFO     | pdf_tree.pipeline | validation: PASS
INFO     | pdf_tree.pipeline | validation                0.150s
INFO     | pdf_tree.pipeline | images: 322 extracted
INFO     | pdf_tree.pipeline | image_extraction          0.000s
