INFO     | pdf_tree.pipeline | fitz: 138 bookmarks, 916 pages
INFO     | pdf_tree.pipeline | fitz                      0.055s
INFO     | pdf_tree.pipeline | bookmark_sanity           0.000s
INFO     | pdf_tree.pipeline | 8 windows for 916 pages
INFO     | pdf_tree.pipeline | window 1/8 pages 1-120
INFO     | pdf_tree.pipeline | window 2/8 pages 115-234
INFO     | pdf_tree.pipeline | window 3/8 pages 229-348
INFO     | pdf_tree.pipeline | window 4/8 pages 343-462
INFO     | pdf_tree.pipeline | window 5/8 pages 457-576
INFO     | pdf_tree.pipeline | window 6/8 pages 571-690
INFO     | pdf_tree.pipeline | window 7/8 pages 685-804
INFO     | pdf_tree.pipeline | window 8/8 pages 799-916
INFO     | pdf_tree.pipeline | merged texts=10428 tables=453 pages=916
INFO     | pdf_tree.pipeline | docling: 10428 blocks, 453 tables, 916 pages
INFO     | pdf_tree.pipeline | docling_extract           533.329s
INFO     | pdf_tree.pipeline | toc_path                  0.000s
INFO     | pdf_tree.pipeline | toc_classification        0.001s
INFO     | pdf_tree.pipeline | toc_resolution: scheme=arabic global_offset=0 (match_rate=1.00, accepted=True) 0/138 bookmarks flagged_for_review
INFO     | pdf_tree.pipeline | toc_resolution            0.007s
INFO     | pdf_tree.pipeline | section_matcher: 138 sections
INFO     | pdf_tree.pipeline | section_matcher           0.081s
INFO     | pdf_tree.pipeline | tree_export: 138 sections
INFO     | pdf_tree.pipeline | tree_export               0.009s
INFO     | pdf_tree.pipeline | validation: FAIL
INFO     | pdf_tree.pipeline | validation                0.152s
INFO     | pdf_tree.pipeline | images: 1237 extracted
INFO     | pdf_tree.pipeline | image_extraction          0.000s
