
Collecting usage statistics. To deactivate, set browser.gatherUsageStats to false.

2026-09-02 18:59:22.946 Uvicorn server started on :::8501

  You can now view your Streamlit app in your browser.

  Local URL: http://localhost:8501
  Network URL: http://192.168.1.17:8501
  External URL: http://186.27.130.95:8501

INFO     | pipeline_ui | fitz: 868 bookmarks, 496 pages
INFO     | pipeline_ui | fitz                      0.045s
ERROR    | pipeline_ui | bookmark_sanity: 2 hard failures — aborting
INFO     | pipeline_ui | fitz: 138 bookmarks, 916 pages
INFO     | pipeline_ui | fitz                      0.023s
INFO     | pipeline_ui | bookmark_sanity           0.000s
INFO     | pipeline_ui | 8 windows for 916 pages
INFO     | pipeline_ui | window 1/8 pages 1-120
Loading weights:   0%|          | 0/770 [00:00<?, ?it/s]Loading weights:  18%|█▊        | 136/770 [00:00<00:00, 1101.91it/s]Loading weights:  65%|██████▍   | 497/770 [00:00<00:00, 2445.14it/s]Loading weights: 100%|██████████| 770/770 [00:00<00:00, 2685.59it/s]
INFO     | pipeline_ui | window 2/8 pages 115-234
INFO     | pipeline_ui | window 3/8 pages 229-348
INFO     | pipeline_ui | window 4/8 pages 343-462
INFO     | pipeline_ui | window 5/8 pages 457-576
INFO     | pipeline_ui | window 6/8 pages 571-690
INFO     | pipeline_ui | window 7/8 pages 685-804
INFO     | pipeline_ui | window 8/8 pages 799-916
INFO     | pipeline_ui | merged texts=10428 tables=453 pages=916
INFO     | pipeline_ui | docling: 10428 blocks, 453 tables, 916 pages
INFO     | pipeline_ui | docling_extract           485.895s
INFO     | pipeline_ui | toc_path                  0.000s
INFO     | pipeline_ui | toc_classification        0.001s
INFO     | pipeline_ui | toc_resolution: scheme=arabic global_offset=0 (match_rate=1.00, accepted=True) 0/138 bookmarks flagged_for_review
INFO     | pipeline_ui | toc_resolution            0.007s
INFO     | pipeline_ui | section_matcher: 138 sections
INFO     | pipeline_ui | section_matcher           0.085s
INFO     | pipeline_ui | tree_export: 138 sections
INFO     | pipeline_ui | tree_export               0.009s
INFO     | pipeline_ui | validation: FAIL
INFO     | pipeline_ui | validation                0.170s
INFO     | pipeline_ui | images: 1237 extracted
INFO     | pipeline_ui | image_extraction          0.000s
