
Collecting usage statistics. To deactivate, set browser.gatherUsageStats to false.

2026-09-01 20:22:32.918 Uvicorn server started on :::8501

  You can now view your Streamlit app in your browser.

  Local URL: http://localhost:8501
  Network URL: http://172.30.172.137:8501
  External URL: http://200.3.193.226:8501

INFO     | pipeline_ui | fitz: 85 bookmarks, 567 pages
INFO     | pipeline_ui | fitz                      0.037s
INFO     | pipeline_ui | bookmark_sanity           0.000s
INFO     | pipeline_ui | 5 windows for 567 pages
INFO     | pipeline_ui | window 1/5 pages 1-120
Loading weights:   0%|          | 0/770 [00:00<?, ?it/s]Loading weights:  18%|█▊        | 136/770 [00:00<00:00, 1284.51it/s]Loading weights:  60%|██████    | 465/770 [00:00<00:00, 2431.48it/s]Loading weights: 100%|██████████| 770/770 [00:00<00:00, 2746.87it/s]
INFO     | pipeline_ui | window 2/5 pages 115-234
INFO     | pipeline_ui | window 3/5 pages 229-348
INFO     | pipeline_ui | window 4/5 pages 343-462
INFO     | pipeline_ui | window 5/5 pages 457-567
INFO     | pipeline_ui | merged texts=6204 tables=178 pages=567
INFO     | pipeline_ui | docling: 6204 blocks, 178 tables, 567 pages
INFO     | pipeline_ui | docling_extract           150.953s
INFO     | pipeline_ui | toc_path                  0.000s
INFO     | pipeline_ui | toc_classification: 2/85 bookmarks excluded (index, table_of_contents)
INFO     | pipeline_ui | toc_classification        0.000s
INFO     | pipeline_ui | toc_resolution: scheme=arabic global_offset=0 (match_rate=1.00, accepted=True) 0/83 bookmarks flagged_for_review
INFO     | pipeline_ui | toc_resolution            0.004s
INFO     | pipeline_ui | section_matcher: 83 sections
INFO     | pipeline_ui | section_matcher           0.033s
INFO     | pipeline_ui | tree_export: 83 sections
INFO     | pipeline_ui | tree_export               0.004s
INFO     | pipeline_ui | validation: PASS
INFO     | pipeline_ui | validation                0.097s
INFO     | pipeline_ui | images: 350 extracted
INFO     | pipeline_ui | image_extraction          0.000s
INFO     | pipeline_ui | fitz: 85 bookmarks, 567 pages
INFO     | pipeline_ui | fitz                      0.050s
INFO     | pipeline_ui | bookmark_sanity           0.000s
INFO     | pipeline_ui | 5 windows for 567 pages
INFO     | pipeline_ui | window 1/5 pages 1-120
Loading weights:   0%|          | 0/770 [00:00<?, ?it/s]Loading weights:  18%|█▊        | 136/770 [00:00<00:01, 418.83it/s]Loading weights:  35%|███▍      | 267/770 [00:00<00:00, 689.92it/s]Loading weights:  74%|███████▍  | 568/770 [00:00<00:00, 1393.95it/s]Loading weights: 100%|██████████| 770/770 [00:00<00:00, 1309.37it/s]
INFO     | pipeline_ui | window 2/5 pages 115-234
INFO     | pipeline_ui | window 3/5 pages 229-348
INFO     | pipeline_ui | window 4/5 pages 343-462
INFO     | pipeline_ui | window 5/5 pages 457-567
INFO     | pipeline_ui | merged texts=6204 tables=178 pages=567
INFO     | pipeline_ui | docling: 6204 blocks, 178 tables, 567 pages
INFO     | pipeline_ui | docling_extract           154.061s
INFO     | pipeline_ui | toc_path                  0.000s
INFO     | pipeline_ui | toc_classification: 2/85 bookmarks excluded (index, table_of_contents)
INFO     | pipeline_ui | toc_classification        0.000s
INFO     | pipeline_ui | toc_resolution: scheme=arabic global_offset=0 (match_rate=1.00, accepted=True) 0/83 bookmarks flagged_for_review
INFO     | pipeline_ui | toc_resolution            0.004s
INFO     | pipeline_ui | section_matcher: 83 sections
INFO     | pipeline_ui | section_matcher           0.033s
INFO     | pipeline_ui | tree_export: 83 sections
INFO     | pipeline_ui | tree_export               0.004s
INFO     | pipeline_ui | validation: PASS
INFO     | pipeline_ui | validation                0.098s
INFO     | pipeline_ui | images: 350 extracted
INFO     | pipeline_ui | image_extraction          0.000s
