
Collecting usage statistics. To deactivate, set browser.gatherUsageStats to false.

2026-08-31 21:09:53.628 Uvicorn server started on :::8501

  You can now view your Streamlit app in your browser.

  Local URL: http://localhost:8501
  Network URL: http://192.168.1.12:8501
  External URL: http://186.27.130.95:8501

INFO     | pipeline_ui | fitz: 282 bookmarks, 240 pages
INFO     | pipeline_ui | fitz                      0.029s
INFO     | pipeline_ui | bookmark_sanity           0.000s
INFO     | pipeline_ui | 3 windows for 240 pages
INFO     | pipeline_ui | window 1/3 pages 1-120
Loading weights:   0%|          | 0/770 [00:00<?, ?it/s]Loading weights:  32%|███▏      | 246/770 [00:00<00:00, 2449.25it/s]Loading weights:  83%|████████▎ | 636/770 [00:00<00:00, 3300.84it/s]Loading weights: 100%|██████████| 770/770 [00:00<00:00, 3308.01it/s]
INFO     | pipeline_ui | window 2/3 pages 115-234
INFO     | pipeline_ui | window 3/3 pages 229-240
INFO     | pipeline_ui | merged texts=3312 tables=164 pages=240
INFO     | pipeline_ui | docling: 3312 blocks, 164 tables, 240 pages
INFO     | pipeline_ui | docling_extract           136.949s
INFO     | pipeline_ui | toc_path                  0.000s
INFO     | pipeline_ui | toc_classification: 3/282 bookmarks excluded (glossary, list_of_figures, list_of_tables)
INFO     | pipeline_ui | toc_classification        0.001s
INFO     | pipeline_ui | toc_resolution: scheme=arabic global_offset=0 (match_rate=1.00, accepted=True) 0/279 bookmarks flagged_for_review
INFO     | pipeline_ui | toc_resolution            0.011s
INFO     | pipeline_ui | section_matcher: 279 sections
INFO     | pipeline_ui | section_matcher           0.058s
INFO     | pipeline_ui | tree_export: 279 sections
INFO     | pipeline_ui | tree_export               0.003s
INFO     | pipeline_ui | validation: PASS
INFO     | pipeline_ui | validation                0.060s
INFO     | pipeline_ui | images: 305 extracted
INFO     | pipeline_ui | image_extraction          0.000s
INFO     | pipeline_ui | fitz: 282 bookmarks, 240 pages
INFO     | pipeline_ui | fitz                      0.029s
INFO     | pipeline_ui | bookmark_sanity           0.000s
INFO     | pipeline_ui | 3 windows for 240 pages
INFO     | pipeline_ui | window 1/3 pages 1-120
Loading weights:   0%|          | 0/770 [00:00<?, ?it/s]Loading weights:  30%|███       | 233/770 [00:00<00:00, 2322.17it/s]Loading weights:  61%|██████    | 466/770 [00:00<00:00, 2152.74it/s]Loading weights:  97%|█████████▋| 748/770 [00:00<00:00, 2441.32it/s]Loading weights: 100%|██████████| 770/770 [00:00<00:00, 2400.23it/s]
INFO     | pipeline_ui | fitz: 282 bookmarks, 240 pages
INFO     | pipeline_ui | fitz                      0.033s
INFO     | pipeline_ui | bookmark_sanity           0.000s
INFO     | pipeline_ui | 3 windows for 240 pages
INFO     | pipeline_ui | window 1/3 pages 1-120
Loading weights:   0%|          | 0/770 [00:00<?, ?it/s]Loading weights:  29%|██▉       | 223/770 [00:00<00:00, 2226.50it/s]Loading weights:  76%|███████▌  | 585/770 [00:00<00:00, 3044.16it/s]Loading weights: 100%|██████████| 770/770 [00:00<00:00, 3164.36it/s]
INFO     | pipeline_ui | fitz: 282 bookmarks, 240 pages
INFO     | pipeline_ui | fitz                      0.026s
INFO     | pipeline_ui | bookmark_sanity           0.000s
INFO     | pipeline_ui | 3 windows for 240 pages
INFO     | pipeline_ui | window 1/3 pages 1-120
Loading weights:   0%|          | 0/770 [00:00<?, ?it/s]Loading weights:  31%|███       | 235/770 [00:00<00:00, 2321.72it/s]Loading weights:  61%|██████    | 468/770 [00:00<00:00, 2247.67it/s]Loading weights:  90%|█████████ | 693/770 [00:00<00:00, 2164.87it/s]Loading weights: 100%|██████████| 770/770 [00:00<00:00, 2179.82it/s]
INFO     | pipeline_ui | window 2/3 pages 115-234
INFO     | pipeline_ui | window 3/3 pages 229-240
INFO     | pipeline_ui | merged texts=3312 tables=164 pages=240
INFO     | pipeline_ui | docling: 3312 blocks, 164 tables, 240 pages
INFO     | pipeline_ui | docling_extract           163.926s
INFO     | pipeline_ui | toc_path                  0.000s
INFO     | pipeline_ui | toc_classification: 3/282 bookmarks excluded (glossary, list_of_figures, list_of_tables)
INFO     | pipeline_ui | toc_classification        0.001s
INFO     | pipeline_ui | toc_resolution: scheme=arabic global_offset=0 (match_rate=1.00, accepted=True) 0/279 bookmarks flagged_for_review
INFO     | pipeline_ui | toc_resolution            0.011s
INFO     | pipeline_ui | section_matcher: 279 sections
INFO     | pipeline_ui | section_matcher           0.057s
INFO     | pipeline_ui | tree_export: 279 sections
INFO     | pipeline_ui | tree_export               0.003s
INFO     | pipeline_ui | validation: PASS
INFO     | pipeline_ui | validation                0.061s
INFO     | pipeline_ui | images: 305 extracted
INFO     | pipeline_ui | image_extraction          0.000s
