
Collecting usage statistics. To deactivate, set browser.gatherUsageStats to false.

2026-09-01 18:40:50.369 Uvicorn server started on :::8501

  You can now view your Streamlit app in your browser.

  Local URL: http://localhost:8501
  Network URL: http://172.30.172.137:8501
  External URL: http://200.3.193.226:8501

INFO     | pipeline_ui | fitz: 22 bookmarks, 166 pages
INFO     | pipeline_ui | fitz                      0.006s
INFO     | pipeline_ui | bookmark_sanity           0.000s
INFO     | pipeline_ui | 2 windows for 166 pages
INFO     | pipeline_ui | window 1/2 pages 1-120
Loading weights:   0%|          | 0/770 [00:00<?, ?it/s]Loading weights:  30%|██▉       | 228/770 [00:00<00:00, 2279.69it/s]Loading weights:  81%|████████  | 624/770 [00:00<00:00, 3266.93it/s]Loading weights: 100%|██████████| 770/770 [00:00<00:00, 3312.00it/s]
INFO     | pipeline_ui | window 2/2 pages 115-166
INFO     | pipeline_ui | merged texts=38702 tables=10 pages=166
INFO     | pipeline_ui | docling: 38702 blocks, 10 tables, 166 pages
INFO     | pipeline_ui | docling_extract           34.916s
INFO     | pipeline_ui | toc_path                  0.000s
INFO     | pipeline_ui | toc_classification        0.000s
INFO     | pipeline_ui | toc_resolution: scheme=arabic global_offset=0 (match_rate=0.00, accepted=False) 22/22 bookmarks flagged_for_review
WARNING  | pipeline_ui | toc_resolution: no offset (global or per-cluster) cleared the match-rate threshold — document flagged for manual review
INFO     | pipeline_ui | toc_resolution            0.009s
INFO     | pipeline_ui | section_matcher: 22 sections
INFO     | pipeline_ui | section_matcher           0.073s
INFO     | pipeline_ui | tree_export: 22 sections
INFO     | pipeline_ui | tree_export               0.023s
INFO     | pipeline_ui | validation: PASS
INFO     | pipeline_ui | validation                0.542s
INFO     | pipeline_ui | images: 106 extracted
INFO     | pipeline_ui | image_extraction          0.000s
